Microchip MPLAB XC8 Compiler V1.41 ()

Linker command line:

-W-3 --edf=F:\Installed Programs\MCUs\Microchip\xc8\dat\en_msgs.txt -cs \
  -h+dist/default/production\CSERoboArm_2.X.production.sym \
  --cmf=dist/default/production\CSERoboArm_2.X.production.cmf -z -w9 \
  --norlf -Q16F877A -oC:\Users\MHMEDH~1\AppData\Local\Temp\sbjo.2 \
  -Mdist/default/production/CSERoboArm_2.X.production.map -E1 -ver=XC8 \
  -ACODE=00h-07FFhx4 -ASTRCODE=00h-01FFFh -ASTRING=00h-0FFhx32 \
  -ACONST=00h-0FFhx32 -AENTRY=00h-0FFhx32 -ACOMMON=070h-07Fh \
  -ABANK0=020h-06Fh -ABANK1=0A0h-0EFh -ABANK2=0110h-016Fh \
  -ABANK3=0190h-01EFh -ARAM=020h-06Fh,0A0h-0EFh,0110h-016Fh,0190h-01EFh \
  -AABS1=020h-07Fh,0A0h-0EFh,0110h-016Fh,0190h-01EFh -ASFR0=00h-01Fh \
  -ASFR1=080h-09Fh -ASFR2=0100h-010Fh -ASFR3=0180h-018Fh \
  -preset_vec=00h,intentry,init,end_init -ppowerup=CODE -pcinit=CODE \
  -pfunctab=CODE -ACONFIG=02007h-02007h -pconfig=CONFIG -DCONFIG=2 \
  -AIDLOC=02000h-02003h -pidloc=IDLOC -DIDLOC=2 -AEEDATA=00h-0FFh/02100h \
  -peeprom_data=EEDATA -DEEDATA=2 -DCODE=2 -DSTRCODE=2 -DSTRING=2 -DCONST=2 \
  -DENTRY=2 -k C:\Users\MHMEDH~1\AppData\Local\Temp\sbjo.obj \
  dist/default/production\CSERoboArm_2.X.production.obj 

Object code version is 3.11

Machine type is 16F877A



                Name                               Link     Load   Length Selector   Space Scale
C:\Users\MHMEDH~1\AppData\Local\Temp\sbjo.obj
                end_init                             12       12        4        0       0
dist/default/production\CSERoboArm_2.X.production.obj
                cinit                               7ED      7ED       13      FDA       0
                intentry                              0        0       12        0       0
                text24                              B2F      B2F       4B     165E       0
                text23                              A8A      A8A       23     1514       0
                text22                              A27      A27       21     144E       0
                text21                               17       17       12       2E       0
                text20                              BD7      BD7       6C     17AE       0
                text19                               29       29       2B       52       0
                text18                              A48      A48       21     1490       0
                text17                              E7A      E7A       B8     1CF4       0
                text16                              127      127      109      24E       0
                text15                              A69      A69       21     14D2       0
                text14                              A16      A16       11     142C       0
                text13                               54       54       D3       A8       0
                text12                              C43      C43       79     1886       0
                text11                              AED      AED       42     15DA       0
                text10                              B7A      B7A       5D     16F4       0
                text9                               CBC      CBC       8C     1978       0
                text8                               AAD      AAD       40     155A       0
                text7                               D48      D48       99     1A90       0
                text6                               A0E      A0E        8     141C       0
                text5                               DE1      DE1       99     1BC2       0
                text4                               370      370      147      6E0       0
                text3                               F32      F32       CE     1E64       0
                text2                               230      230      140      460       0
                text1                               4B7      4B7      336      96E       0
                maintext                             16       16        1        0       0
                cstackBANK0                          20       20       4F       20       1
                cstackCOMMON                         70       70        E       70       1
                cstackBANK1                          A0       A0       2E       A0       1
                bssBANK1                             CE       CE        D       A0       1
                strings                             800      800       3F     1000       0

TOTAL           Name                               Link     Load   Length     Space
        CLASS   CODE           
                end_init                             12       12        4         0
                cinit                               7ED      7ED       13         0
                intentry                              0        0       12         0
                text24                              B2F      B2F       4B         0
                text23                              A8A      A8A       23         0
                text22                              A27      A27       21         0
                text21                               17       17       12         0
                text20                              BD7      BD7       6C         0
                text19                               29       29       2B         0
                text18                              A48      A48       21         0
                text17                              E7A      E7A       B8         0
                text16                              127      127      109         0
                text15                              A69      A69       21         0
                text14                              A16      A16       11         0
                text13                               54       54       D3         0
                text12                              C43      C43       79         0
                text11                              AED      AED       42         0
                text10                              B7A      B7A       5D         0
                text9                               CBC      CBC       8C         0
                text8                               AAD      AAD       40         0
                text7                               D48      D48       99         0
                text6                               A0E      A0E        8         0
                text5                               DE1      DE1       99         0
                text4                               370      370      147         0
                text3                               F32      F32       CE         0
                text2                               230      230      140         0
                text1                               4B7      4B7      336         0
                maintext                             16       16        1         0

        CLASS   STRCODE        

        CLASS   STRING         
                strings                             800      800       3F         0

        CLASS   CONST          

        CLASS   ENTRY          

        CLASS   COMMON         
                cstackCOMMON                         70       70        E         1

        CLASS   BANK0          
                cstackBANK0                          20       20       4F         1

        CLASS   BANK1          
                cstackBANK1                          A0       A0       2E         1
                bssBANK1                             CE       CE        D         1

        CLASS   BANK2          

        CLASS   BANK3          

        CLASS   RAM            

        CLASS   ABS1           
                abs_s1                               7E       7E        2         1

        CLASS   SFR0           

        CLASS   SFR1           

        CLASS   SFR2           

        CLASS   SFR3           

        CLASS   CONFIG         

        CLASS   IDLOC          

        CLASS   EEDATA         

        CLASS   STACK          



SEGMENTS        Name                           Load    Length   Top    Selector   Space  Class     Delta

                reset_vec                      000000  000017  000017         0       0  CODE        2
                cstackBANK0                    000020  00004F  00006F        20       1  BANK0       1
                text21                         000017  000012  000029        2E       0  CODE        2
                text19                         000029  00002B  000054        52       0  CODE        2
                cstackCOMMON                   000070  00000E  00007E        70       1  COMMON      1
                cstackBANK1                    0000A0  00003B  0000DB        A0       1  BANK1       1
                text13                         000054  0000D3  000127        A8       0  CODE        2
                text16                         000127  000109  000230       24E       0  CODE        2
                text2                          000230  000140  000370       460       0  CODE        2
                text4                          000370  000147  0004B7       6E0       0  CODE        2
                text1                          0004B7  000336  0007ED       96E       0  CODE        2
                cinit                          0007ED  000013  000800       FDA       0  CODE        2
                strings                        000800  00003F  00083F      1000       0  STRING      2
                text6                          000A0E  000008  000A16      141C       0  CODE        2
                text14                         000A16  000011  000A27      142C       0  CODE        2
                text22                         000A27  000021  000A48      144E       0  CODE        2
                text18                         000A48  000021  000A69      1490       0  CODE        2
                text15                         000A69  000021  000A8A      14D2       0  CODE        2
                text23                         000A8A  000023  000AAD      1514       0  CODE        2
                text8                          000AAD  000040  000AED      155A       0  CODE        2
                text11                         000AED  000042  000B2F      15DA       0  CODE        2
                text24                         000B2F  00004B  000B7A      165E       0  CODE        2
                text10                         000B7A  00005D  000BD7      16F4       0  CODE        2
                text20                         000BD7  00006C  000C43      17AE       0  CODE        2
                text12                         000C43  000079  000CBC      1886       0  CODE        2
                text9                          000CBC  00008C  000D48      1978       0  CODE        2
                text7                          000D48  000099  000DE1      1A90       0  CODE        2
                text5                          000DE1  000099  000E7A      1BC2       0  CODE        2
                text17                         000E7A  0000B8  000F32      1CF4       0  CODE        2
                text3                          000F32  0000CE  001000      1E64       0  CODE        2


UNUSED ADDRESS RANGES

        Name                Unused          Largest block    Delta
        BANK0            006F-006F              1           1
        BANK1            00DB-00EF             15           1
        BANK2            0110-016F             60           1
        BANK3            0190-01EF             60           1
        CODE             083F-0A0D            1CF           2
                         1000-1FFF            800
        CONFIG           2007-2007              1           2
        CONST            083F-0A0D            100           2
                         1000-1FFF            100
        EEDATA           2100-21FF            100           2
        ENTRY            083F-0A0D            100           2
                         1000-1FFF            100
        IDLOC            2000-2003              4           2
        RAM              006F-006F              1           1
                         00DB-00EF             15
                         0110-016F             60
                         0190-01EF             60
        SFR0             0000-001F             20           1
        SFR1             0080-009F             20           1
        SFR2             0100-010F             10           1
        SFR3             0180-018F             10           1
        STRCODE          083F-0A0D            1CF           2
                         1000-1FFF           1000
        STRING           083F-0A0D            100           2
                         1000-1FFF            100

                                  Symbol Table

__CFG_BOREN$OFF          (abs)        0000
__CFG_CP$OFF             (abs)        0000
__CFG_CPD$OFF            (abs)        0000
__CFG_FOSC$HS            (abs)        0000
__CFG_LVP$OFF            (abs)        0000
__CFG_PWRTE$OFF          (abs)        0000
__CFG_WDTE$OFF           (abs)        0000
__CFG_WRT$OFF            (abs)        0000
__Habs1                  abs1         0000
__Hbank0                 bank0        0000
__Hbank1                 bank1        0000
__Hbank2                 bank2        0000
__Hbank3                 bank3        0000
__HbssBANK1              bssBANK1     0000
__Hclrtext               clrtext      0000
__Hcode                  code         0000
__Hcommon                common       0000
__Hconfig                config       0000
__HcstackBANK0           cstackBANK0  0000
__HcstackBANK1           cstackBANK1  0000
__HcstackBANK3           cstackBANK3  0000
__HcstackCOMMON          cstackCOMMON 0000
__Heeprom_data           eeprom_data  0000
__Hfunctab               functab      0000
__Hidloc                 idloc        0000
__Hmaintext              maintext     0000
__Hpowerup               powerup      0000
__Hram                   ram          0000
__Hreset_vec             reset_vec    0000
__Hsfr0                  sfr0         0000
__Hsfr1                  sfr1         0000
__Hsfr2                  sfr2         0000
__Hsfr3                  sfr3         0000
__Hspace_2               (abs)        0000
__Hspace_3               (abs)        0000
__Hstack                 stack        0000
__Hstrings               strings      0000
__Htext                  text         0000
__Labs1                  abs1         0000
__Lbank0                 bank0        0000
__Lbank1                 bank1        0000
__Lbank2                 bank2        0000
__Lbank3                 bank3        0000
__LbssBANK1              bssBANK1     0000
__Lclrtext               clrtext      0000
__Lcode                  code         0000
__Lcommon                common       0000
__Lconfig                config       0000
__LcstackBANK0           cstackBANK0  0000
__LcstackBANK1           cstackBANK1  0000
__LcstackBANK3           cstackBANK3  0000
__LcstackCOMMON          cstackCOMMON 0000
__Leeprom_data           eeprom_data  0000
__Lfunctab               functab      0000
__Lidloc                 idloc        0000
__Lintentry              intentry     0000
__Lmaintext              maintext     0000
__Lpowerup               powerup      0000
__Lram                   ram          0000
__Lreset_vec             reset_vec    0000
__Lsfr0                  sfr0         0000
__Lsfr1                  sfr1         0000
__Lsfr2                  sfr2         0000
__Lsfr3                  sfr3         0000
__Lspace_0               (abs)        0000
__Lspace_1               (abs)        0000
__Lspace_2               (abs)        0000
__Lspace_3               (abs)        0000
__Lstack                 stack        0000
__Lstrings               strings      0000
__Ltext                  text         0000
__S3                     (abs)        0000
___int_sp                stack        0000
___sp                    stack        0000
__pcstackBANK3           cstackBANK3  0000
__pintentry              intentry     0000
__size_of_ISR            (abs)        0000
__size_of___altoft       (abs)        0000
__size_of___awmod        (abs)        0000
__size_of___awtoft       (abs)        0000
__size_of___bmul         (abs)        0000
__size_of___ftadd        (abs)        0000
__size_of___ftdiv        (abs)        0000
__size_of___ftge         (abs)        0000
__size_of___ftmul        (abs)        0000
__size_of___ftneg        (abs)        0000
__size_of___ftpack       (abs)        0000
__size_of___ftsub        (abs)        0000
__size_of___fttol        (abs)        0000
__size_of___lbmod        (abs)        0000
__size_of___lltoft       (abs)        0000
__size_of___wmul         (abs)        0000
__size_of_endTX          (abs)        0000
__size_of_eval_poly      (abs)        0000
__size_of_exp            (abs)        0000
__size_of_floor          (abs)        0000
__size_of_frexp          (abs)        0000
__size_of_ldexp          (abs)        0000
__size_of_log            (abs)        0000
__size_of_main           (abs)        0000
__size_of_pow            (abs)        0000
_disableTimer1                            
_mAttr                                    
_ring_buffer_get                          
_ring_buffer_put                          
_ring_buffer_put_char                     
_timerTick                                
interrupt_function       intentry     0000
intlevel0                functab      0000
intlevel1                functab      0000
intlevel2                functab      0000
intlevel3                functab      0000
intlevel4                functab      0000
intlevel5                functab      0000
reset_vec                reset_vec    0000
stackhi                  (abs)        0000
stacklo                  (abs)        0000
___latbits               (abs)        0002
_TXREG                   (abs)        0019
_RCREG                   (abs)        001A
?___altoft               cstackBANK0  0020
?___ftdiv                cstackBANK0  0020
___altoft@c              cstackBANK0  0020
___ftdiv@f2              cstackBANK0  0020
__pcstackBANK0           cstackBANK0  0020
___ftdiv@f1              cstackBANK0  0023
__Hinit                  init         0012
__Hintentry              intentry     0012
__Lend_init              end_init     0012
__Linit                  init         0012
start                    init         0012
___altoft@exp            cstackBANK0  0026
___altoft@sign           cstackBANK0  0027
___ftdiv@cntr            cstackBANK0  002A
___ftdiv@f3              cstackBANK0  002B
__Hend_init              end_init     0016
__pmaintext              maintext     0016
_main                    maintext     0016
___ftdiv@exp             cstackBANK0  002E
__end_of_main            maintext     0017
__ptext21                text21       0017
_endTX                   text21       0017
___ftdiv@sign            cstackBANK0  002F
?___ftadd                cstackBANK0  0030
___ftadd@f1              cstackBANK0  0030
___ftadd@f2              cstackBANK0  0033
___ftadd@sign            cstackBANK0  003A
___ftadd@exp2            cstackBANK0  003B
___ftadd@exp1            cstackBANK0  003C
?___ftmul                cstackBANK0  003D
?___ftsub                cstackBANK0  003D
?_floor                  cstackBANK0  003D
___ftmul@f1              cstackBANK0  003D
___ftsub@f2              cstackBANK0  003D
floor@x                  cstackBANK0  003D
___ftmul@f2              cstackBANK0  0040
___ftsub@f1              cstackBANK0  0040
floor@i                  cstackBANK0  0041
floor@expon              cstackBANK0  0044
___ftmul@exp             cstackBANK0  0047
___ftmul@f3_as_product   cstackBANK0  0048
___ftmul@cntr            cstackBANK0  004B
___ftmul@sign            cstackBANK0  004C
?_eval_poly              cstackBANK0  004D
eval_poly@x              cstackBANK0  004D
eval_poly@d              cstackBANK0  0050
eval_poly@n              cstackBANK0  0051
___lltoft                text19       0029
__end_of_endTX           text21       0029
__ptext19                text19       0029
eval_poly@res            cstackBANK0  0054
?_ldexp                  cstackBANK0  0057
?_log                    cstackBANK0  0057
ldexp@value              cstackBANK0  0057
log@x                    cstackBANK0  0057
ldexp@newexp             cstackBANK0  005A
log@exponent             cstackBANK0  005B
_ldexp$398               cstackBANK0  005E
_TMR1IF                  (abs)        0060
?_exp                    cstackBANK0  0061
exp@x                    cstackBANK0  0061
_TXIF                    (abs)        0064
_RCIF                    (abs)        0065
_exp$570                 cstackBANK0  0065
_exp$361                 cstackBANK0  0068
exp@exponent             cstackBANK0  006B
exp@sign                 cstackBANK0  006D
?___awmod                cstackCOMMON 0070
?___ftneg                cstackCOMMON 0070
?___ftpack               cstackCOMMON 0070
?___fttol                cstackCOMMON 0070
?___wmul                 cstackCOMMON 0070
?_frexp                  cstackCOMMON 0070
___awmod@divisor         cstackCOMMON 0070
___bmul@multiplicand     cstackCOMMON 0070
___ftge@ff1              cstackCOMMON 0070
___ftneg@f1              cstackCOMMON 0070
___ftpack@arg            cstackCOMMON 0070
___fttol@f1              cstackCOMMON 0070
___lbmod@divisor         cstackCOMMON 0070
___wmul@multiplier       cstackCOMMON 0070
__pcstackCOMMON          cstackCOMMON 0070
_ring_buffer_get$0       cstackCOMMON 0070
_ring_buffer_put$0       cstackCOMMON 0070
_ring_buffer_put_char$0  cstackCOMMON 0070
frexp@value              cstackCOMMON 0070
___awmod@dividend        cstackCOMMON 0072
___bmul@product          cstackCOMMON 0072
___wmul@multiplicand     cstackCOMMON 0072
_ring_buffer_get$1       cstackCOMMON 0072
_ring_buffer_put$1       cstackCOMMON 0072
_ring_buffer_put_char$1  cstackCOMMON 0072
___bmul@multiplier       cstackCOMMON 0073
___ftge@ff2              cstackCOMMON 0073
___ftpack@exp            cstackCOMMON 0073
frexp@eptr               cstackCOMMON 0073
___ftpack@sign           cstackCOMMON 0074
___lbmod@dividend        cstackCOMMON 0074
___wmul@product          cstackCOMMON 0074
___awmod@counter         cstackCOMMON 0075
___lbmod@counter         cstackCOMMON 0075
___awmod@sign            cstackCOMMON 0076
___lbmod@rem             cstackCOMMON 0076
?___awtoft               cstackCOMMON 0078
?___lltoft               cstackCOMMON 0078
___awtoft@c              cstackCOMMON 0078
___fttol@sign1           cstackCOMMON 0078
___lltoft@c              cstackCOMMON 0078
___fttol@lval            cstackCOMMON 0079
___awtoft@sign           cstackCOMMON 007D
___fttol@exp1            cstackCOMMON 007D
___lltoft@exp            cstackCOMMON 007D
btemp                    (abs)        007E
saved_w                  (abs)        007E
wtemp0                   (abs)        007E
?_pow                    cstackBANK1  00A0
__pcstackBANK1           cstackBANK1  00A0
pow@x                    cstackBANK1  00A0
pow@y                    cstackBANK1  00A3
_pow$568                 cstackBANK1  00A6
___ftmul                 text13       0054
__end_of___lltoft        text19       0054
__ptext13                text13       0054
_pow$569                 cstackBANK1  00A9
pow@sign                 cstackBANK1  00AC
pow@yi                   cstackBANK1  00AD
_OERR                    (abs)        00C1
_ISR$566                 cstackBANK1  00C3
_CREN                    (abs)        00C4
_ISR$567                 cstackBANK1  00C6
ISR@data1                cstackBANK1  00C9
ISR@i                    cstackBANK1  00CA
ISR@motorId              cstackBANK1  00CC
ISR@received             cstackBANK1  00CD
__pbssBANK1              bssBANK1     00CE
_errno                   bssBANK1     00CE
_uIndex                  bssBANK1     00D0
_uartRxData              bssBANK1     00D1
__Hspace_1               (abs)        00DB
__S1                     (abs)        00DB
___ftadd                 text16       0127
__end_of___ftmul         text13       0127
__ptext16                text16       0127
__end_of___ftadd         text16       0230
__ptext2                 text2        0230
_pow                     text2        0230
_TXEN                    (abs)        04C5
__end_of_pow             text2        0370
__ptext4                 text4        0370
_exp                     text4        0370
_ISR                     text1        04B7
__end_of_exp             text4        04B7
__ptext1                 text1        04B7
__Lcinit                 cinit        07ED
__end_of_ISR             text1        07ED
__initialization         cinit        07ED
start_initialization     cinit        07ED
__end_of__initialization cinit        07FC
__Hcinit                 cinit        0800
__Hspace_0               (abs)        1000
__S0                     (abs)        1000
__pstrings               strings      0800
__stringtab              strings      0800
__stringbase             strings      0805
__end_of__stringtab      strings      0806
__end_ofexp@coeff        strings      0824
__end_oflog@coeff        strings      083F
___ftneg                 text6        0A0E
__ptext6                 text6        0A0E
___bmul                  text14       0A16
__end_of___ftneg         text6        0A16
__ptext14                text14       0A16
___wmul                  text22       0A27
__end_of___bmul          text14       0A27
__ptext22                text22       0A27
___awtoft                text18       0A48
__end_of___wmul          text22       0A48
__ptext18                text18       0A48
___ftsub                 text15       0A69
__end_of___awtoft        text18       0A69
__ptext15                text15       0A69
___lbmod                 text23       0A8A
__end_of___ftsub         text15       0A8A
__ptext23                text23       0A8A
__end_of___lbmod         text23       0AAD
__ptext8                 text8        0AAD
_frexp                   text8        0AAD
___altoft                text11       0AED
__end_of_frexp           text8        0AED
__ptext11                text11       0AED
___awmod                 text24       0B2F
__end_of___altoft        text11       0B2F
__ptext24                text24       0B2F
___ftge                  text10       0B7A
__end_of___awmod         text24       0B7A
__ptext10                text10       0B7A
___ftpack                text20       0BD7
__end_of___ftge          text10       0BD7
__ptext20                text20       0BD7
__end_of___ftpack        text20       0C43
__ptext12                text12       0C43
_eval_poly               text12       0C43
___fttol                 text9        0CBC
__end_of_eval_poly       text12       0CBC
__ptext9                 text9        0CBC
__end_of___fttol         text9        0D48
__ptext7                 text7        0D48
_floor                   text7        0D48
__end_of_floor           text7        0DE1
__ptext5                 text5        0DE1
_ldexp                   text5        0DE1
___ftdiv                 text17       0E7A
__end_of_ldexp           text5        0E7A
__ptext17                text17       0E7A
__end_of___ftdiv         text17       0F32
__ptext3                 text3        0F32
_log                     text3        0F32
__end_of_log             text3        1000
end_of_initialization    cinit        07FC
exp@coeff                strings      0806
log@coeff                strings      0824
